// Jest Snapshot v1, https://goo.gl/fbAQLP

exports[`VideoPlayerComponent should render VideoPlayer 1`] = `
<video
  className="player__video"
/>
`;
